// Jest Snapshot v1, https://goo.gl/fbAQLP

exports[`Progress Tracker should match snapshot 1`] = `
<div>
  <div
    class="sc-bdfBwQ iMRMsF"
  >
    <div
      class="progress"
    >
      <div
        aria-valuemax="100"
        aria-valuemin="0"
        aria-valuenow="0"
        class="progress-bar"
        role="progressbar"
        style="width: 0%;"
      >
        0.0%
      </div>
    </div>
    <div
      class="sc-gsTCUz cxqnbh"
    >
      Details:
    </div>
    <textarea
      class="sc-dlfnbm ePegbC"
      readonly=""
    />
    <a
      class="sc-hKgILt eYMeGx"
      disabled=""
      download="export_data.csv"
      href="data:text/csv;charset=utf-8,ï»¿\\"Name\\",\\"Extension\\",\\"Phone Number\\",\\"Application Username\\",\\"Device Type\\",\\"MAC Address\\",\\"Username\\",\\"Status\\",\\"Site name\\",\\"Company Name\\",\\"Voice Recording\\"
\\"firstname surname\\",\\"ext\\",\\"directoryNumber\\",\\"appUserName\\",\\"deviceType\\",\\"macAddress\\",\\"username\\",\\"status\\",\\"site\\",\\"company\\",\\"Voice Recording\\""
      target="_self"
    >
      Export to CSV
    </a>
  </div>
</div>
`;
